// Jest Snapshot v1, https://goo.gl/fbAQLP

exports[`Search search en renders correctly 1`] = `
<Search>
  <WithStyles(ForwardRef(Container))
    maxWidth="xl"
  >
    <ForwardRef(Container)
      classes={
        Object {
          "disableGutters": "MuiContainer-disableGutters",
          "fixed": "MuiContainer-fixed",
          "maxWidthLg": "MuiContainer-maxWidthLg",
          "maxWidthMd": "MuiContainer-maxWidthMd",
          "maxWidthSm": "MuiContainer-maxWidthSm",
          "maxWidthXl": "MuiContainer-maxWidthXl",
          "maxWidthXs": "MuiContainer-maxWidthXs",
          "root": "MuiContainer-root",
        }
      }
      maxWidth="xl"
    >
      <div
        className="MuiContainer-root MuiContainer-maxWidthXl"
      >
        <InfiniteScroll
          className="makeStyles-container-1"
          element="div"
          getScrollParent={null}
          hasMore={false}
          initialLoad={false}
          isReverse={false}
          loadMore={[Function]}
          loader={null}
          pageStart={0}
          ref={null}
          threshold={250}
          useCapture={false}
          useWindow={true}
        >
          <div
            className="makeStyles-container-1"
          />
        </InfiniteScroll>
      </div>
    </ForwardRef(Container)>
  </WithStyles(ForwardRef(Container))>
</Search>
`;

exports[`Search search fr renders correctly 1`] = `
<Search>
  <WithStyles(ForwardRef(Container))
    maxWidth="xl"
  >
    <ForwardRef(Container)
      classes={
        Object {
          "disableGutters": "MuiContainer-disableGutters",
          "fixed": "MuiContainer-fixed",
          "maxWidthLg": "MuiContainer-maxWidthLg",
          "maxWidthMd": "MuiContainer-maxWidthMd",
          "maxWidthSm": "MuiContainer-maxWidthSm",
          "maxWidthXl": "MuiContainer-maxWidthXl",
          "maxWidthXs": "MuiContainer-maxWidthXs",
          "root": "MuiContainer-root",
        }
      }
      maxWidth="xl"
    >
      <div
        className="MuiContainer-root MuiContainer-maxWidthXl"
      >
        <InfiniteScroll
          className="makeStyles-container-1"
          element="div"
          getScrollParent={null}
          hasMore={false}
          initialLoad={false}
          isReverse={false}
          loadMore={[Function]}
          loader={null}
          pageStart={0}
          ref={null}
          threshold={250}
          useCapture={false}
          useWindow={true}
        >
          <div
            className="makeStyles-container-1"
          />
        </InfiniteScroll>
      </div>
    </ForwardRef(Container)>
  </WithStyles(ForwardRef(Container))>
</Search>
`;
